window created: hwnd=0x7A24A6
trayAddIcon: status=gray hIcon=0x17D727FF
trayAddIcon: NIM_ADD ret=1
trayAddIcon: NIM_SETVERSION version=4
window created: hwnd=0x4F22C6
trayAddIcon: status=gray hIcon=0x35DA07CF
trayAddIcon: NIM_ADD ret=1
trayAddIcon: NIM_SETVERSION version=4
TRAY_EVENT: lParam=0x10406 (RDown=0x0204, RUp=0x0205, Ctx=0x007B)
TRAY_EVENT: lParam=0x10200 (RDown=0x0204, RUp=0x0205, Ctx=0x007B)
TRAY_EVENT: lParam=0x10200 (RDown=0x0204, RUp=0x0205, Ctx=0x007B)
TRAY_EVENT: lParam=0x10200 (RDown=0x0204, RUp=0x0205, Ctx=0x007B)
TRAY_EVENT: lParam=0x10200 (RDown=0x0204, RUp=0x0205, Ctx=0x007B)
TRAY_EVENT: lParam=0x10200 (RDown=0x0204, RUp=0x0205, Ctx=0x007B)
TRAY_EVENT: lParam=0x10200 (RDown=0x0204, RUp=0x0205, Ctx=0x007B)
TRAY_EVENT: lParam=0x10200 (RDown=0x0204, RUp=0x0205, Ctx=0x007B)
TRAY_EVENT: lParam=0x10200 (RDown=0x0204, RUp=0x0205, Ctx=0x007B)
TRAY_EVENT: lParam=0x10200 (RDown=0x0204, RUp=0x0205, Ctx=0x007B)
TRAY_EVENT: lParam=0x10200 (RDown=0x0204, RUp=0x0205, Ctx=0x007B)
TRAY_EVENT: lParam=0x10200 (RDown=0x0204, RUp=0x0205, Ctx=0x007B)
TRAY_EVENT: lParam=0x10200 (RDown=0x0204, RUp=0x0205, Ctx=0x007B)
TRAY_EVENT: lParam=0x10200 (RDown=0x0204, RUp=0x0205, Ctx=0x007B)
TRAY_EVENT: lParam=0x10200 (RDown=0x0204, RUp=0x0205, Ctx=0x007B)
TRAY_EVENT: lParam=0x10200 (RDown=0x0204, RUp=0x0205, Ctx=0x007B)
TRAY_EVENT: lParam=0x10200 (RDown=0x0204, RUp=0x0205, Ctx=0x007B)
TRAY_EVENT: lParam=0x10200 (RDown=0x0204, RUp=0x0205, Ctx=0x007B)
TRAY_EVENT: lParam=0x10200 (RDown=0x0204, RUp=0x0205, Ctx=0x007B)
TRAY_EVENT: lParam=0x10204 (RDown=0x0204, RUp=0x0205, Ctx=0x007B)
RIGHT-CLICK -> showTrayMenu
showTrayMenu: building menu (11 items)
TRAY_EVENT: lParam=0x10205 (RDown=0x0204, RUp=0x0205, Ctx=0x007B)
RIGHT-CLICK -> showTrayMenu
showTrayMenu: building menu (11 items)
showTrayMenu: TrackPopupMenu at (1069,838)
TRAY_EVENT: lParam=0x1007B (RDown=0x0204, RUp=0x0205, Ctx=0x007B)
RIGHT-CLICK -> showTrayMenu
showTrayMenu: building menu (11 items)
showTrayMenu: TrackPopupMenu at (1069,838)
showTrayMenu: menu dismissed
TRAY_EVENT: lParam=0x10200 (RDown=0x0204, RUp=0x0205, Ctx=0x007B)
TRAY_EVENT: lParam=0x10407 (RDown=0x0204, RUp=0x0205, Ctx=0x007B)
showTrayMenu: menu dismissed
showTrayMenu: TrackPopupMenu at (1170,643)
WM_COMMAND: id=1002 (quit=2998)
handleMenuClick: id=1002 label=start HTTP
trayModifyIcon: NIM_MODIFY ret=1 status=green hIcon=0x159C0F9F
window created: hwnd=0x531118
trayAddIcon: status=gray hIcon=0x377F096F
trayAddIcon: NIM_ADD ret=1
trayAddIcon: NIM_SETVERSION version=4
TRAY_EVENT: lParam=0x10406 (RDown=0x0204, RUp=0x0205, Ctx=0x007B)
TRAY_EVENT: lParam=0x10200 (RDown=0x0204, RUp=0x0205, Ctx=0x007B)
TRAY_EVENT: lParam=0x10200 (RDown=0x0204, RUp=0x0205, Ctx=0x007B)
TRAY_EVENT: lParam=0x10200 (RDown=0x0204, RUp=0x0205, Ctx=0x007B)
TRAY_EVENT: lParam=0x10200 (RDown=0x0204, RUp=0x0205, Ctx=0x007B)
TRAY_EVENT: lParam=0x10200 (RDown=0x0204, RUp=0x0205, Ctx=0x007B)
TRAY_EVENT: lParam=0x10200 (RDown=0x0204, RUp=0x0205, Ctx=0x007B)
TRAY_EVENT: lParam=0x10200 (RDown=0x0204, RUp=0x0205, Ctx=0x007B)
TRAY_EVENT: lParam=0x10200 (RDown=0x0204, RUp=0x0205, Ctx=0x007B)
TRAY_EVENT: lParam=0x10200 (RDown=0x0204, RUp=0x0205, Ctx=0x007B)
TRAY_EVENT: lParam=0x10200 (RDown=0x0204, RUp=0x0205, Ctx=0x007B)
TRAY_EVENT: lParam=0x10200 (RDown=0x0204, RUp=0x0205, Ctx=0x007B)
TRAY_EVENT: lParam=0x10200 (RDown=0x0204, RUp=0x0205, Ctx=0x007B)
TRAY_EVENT: lParam=0x10200 (RDown=0x0204, RUp=0x0205, Ctx=0x007B)
TRAY_EVENT: lParam=0x10200 (RDown=0x0204, RUp=0x0205, Ctx=0x007B)
TRAY_EVENT: lParam=0x10200 (RDown=0x0204, RUp=0x0205, Ctx=0x007B)
TRAY_EVENT: lParam=0x10200 (RDown=0x0204, RUp=0x0205, Ctx=0x007B)
TRAY_EVENT: lParam=0x10200 (RDown=0x0204, RUp=0x0205, Ctx=0x007B)
TRAY_EVENT: lParam=0x10200 (RDown=0x0204, RUp=0x0205, Ctx=0x007B)
TRAY_EVENT: lParam=0x10200 (RDown=0x0204, RUp=0x0205, Ctx=0x007B)
TRAY_EVENT: lParam=0x10200 (RDown=0x0204, RUp=0x0205, Ctx=0x007B)
TRAY_EVENT: lParam=0x10200 (RDown=0x0204, RUp=0x0205, Ctx=0x007B)
TRAY_EVENT: lParam=0x10200 (RDown=0x0204, RUp=0x0205, Ctx=0x007B)
TRAY_EVENT: lParam=0x10200 (RDown=0x0204, RUp=0x0205, Ctx=0x007B)
TRAY_EVENT: lParam=0x10200 (RDown=0x0204, RUp=0x0205, Ctx=0x007B)
TRAY_EVENT: lParam=0x10200 (RDown=0x0204, RUp=0x0205, Ctx=0x007B)
TRAY_EVENT: lParam=0x10200 (RDown=0x0204, RUp=0x0205, Ctx=0x007B)
TRAY_EVENT: lParam=0x10200 (RDown=0x0204, RUp=0x0205, Ctx=0x007B)
TRAY_EVENT: lParam=0x10407 (RDown=0x0204, RUp=0x0205, Ctx=0x007B)
TRAY_EVENT: lParam=0x10406 (RDown=0x0204, RUp=0x0205, Ctx=0x007B)
TRAY_EVENT: lParam=0x10200 (RDown=0x0204, RUp=0x0205, Ctx=0x007B)
TRAY_EVENT: lParam=0x10200 (RDown=0x0204, RUp=0x0205, Ctx=0x007B)
TRAY_EVENT: lParam=0x10200 (RDown=0x0204, RUp=0x0205, Ctx=0x007B)
TRAY_EVENT: lParam=0x10200 (RDown=0x0204, RUp=0x0205, Ctx=0x007B)
TRAY_EVENT: lParam=0x10200 (RDown=0x0204, RUp=0x0205, Ctx=0x007B)
TRAY_EVENT: lParam=0x10200 (RDown=0x0204, RUp=0x0205, Ctx=0x007B)
TRAY_EVENT: lParam=0x10200 (RDown=0x0204, RUp=0x0205, Ctx=0x007B)
TRAY_EVENT: lParam=0x10200 (RDown=0x0204, RUp=0x0205, Ctx=0x007B)
TRAY_EVENT: lParam=0x10200 (RDown=0x0204, RUp=0x0205, Ctx=0x007B)
TRAY_EVENT: lParam=0x10200 (RDown=0x0204, RUp=0x0205, Ctx=0x007B)
TRAY_EVENT: lParam=0x10200 (RDown=0x0204, RUp=0x0205, Ctx=0x007B)
TRAY_EVENT: lParam=0x10200 (RDown=0x0204, RUp=0x0205, Ctx=0x007B)
TRAY_EVENT: lParam=0x10200 (RDown=0x0204, RUp=0x0205, Ctx=0x007B)
TRAY_EVENT: lParam=0x10200 (RDown=0x0204, RUp=0x0205, Ctx=0x007B)
TRAY_EVENT: lParam=0x10200 (RDown=0x0204, RUp=0x0205, Ctx=0x007B)
TRAY_EVENT: lParam=0x10200 (RDown=0x0204, RUp=0x0205, Ctx=0x007B)
TRAY_EVENT: lParam=0x10200 (RDown=0x0204, RUp=0x0205, Ctx=0x007B)
TRAY_EVENT: lParam=0x10204 (RDown=0x0204, RUp=0x0205, Ctx=0x007B)
RIGHT-CLICK -> showTrayMenu
showTrayMenu: building menu (11 items)
TRAY_EVENT: lParam=0x10205 (RDown=0x0204, RUp=0x0205, Ctx=0x007B)
RIGHT-CLICK -> showTrayMenu
showTrayMenu: building menu (11 items)
showTrayMenu: TrackPopupMenu at (1071,841)
TRAY_EVENT: lParam=0x1007B (RDown=0x0204, RUp=0x0205, Ctx=0x007B)
RIGHT-CLICK -> showTrayMenu
showTrayMenu: building menu (11 items)
showTrayMenu: TrackPopupMenu at (1071,841)
showTrayMenu: menu dismissed
TRAY_EVENT: lParam=0x10407 (RDown=0x0204, RUp=0x0205, Ctx=0x007B)
showTrayMenu: menu dismissed
showTrayMenu: TrackPopupMenu at (1154,797)
WM_COMMAND: id=1010 (quit=2998)
handleMenuClick: id=1010 label=edit config
showTrayMenu: menu dismissed
TRAY_EVENT: lParam=0x10406 (RDown=0x0204, RUp=0x0205, Ctx=0x007B)
TRAY_EVENT: lParam=0x10200 (RDown=0x0204, RUp=0x0205, Ctx=0x007B)
TRAY_EVENT: lParam=0x10200 (RDown=0x0204, RUp=0x0205, Ctx=0x007B)
TRAY_EVENT: lParam=0x10200 (RDown=0x0204, RUp=0x0205, Ctx=0x007B)
TRAY_EVENT: lParam=0x10200 (RDown=0x0204, RUp=0x0205, Ctx=0x007B)
TRAY_EVENT: lParam=0x10200 (RDown=0x0204, RUp=0x0205, Ctx=0x007B)
TRAY_EVENT: lParam=0x10200 (RDown=0x0204, RUp=0x0205, Ctx=0x007B)
TRAY_EVENT: lParam=0x10200 (RDown=0x0204, RUp=0x0205, Ctx=0x007B)
TRAY_EVENT: lParam=0x10200 (RDown=0x0204, RUp=0x0205, Ctx=0x007B)
TRAY_EVENT: lParam=0x10200 (RDown=0x0204, RUp=0x0205, Ctx=0x007B)
TRAY_EVENT: lParam=0x10200 (RDown=0x0204, RUp=0x0205, Ctx=0x007B)
TRAY_EVENT: lParam=0x10200 (RDown=0x0204, RUp=0x0205, Ctx=0x007B)
TRAY_EVENT: lParam=0x10200 (RDown=0x0204, RUp=0x0205, Ctx=0x007B)
TRAY_EVENT: lParam=0x10200 (RDown=0x0204, RUp=0x0205, Ctx=0x007B)
TRAY_EVENT: lParam=0x10200 (RDown=0x0204, RUp=0x0205, Ctx=0x007B)
TRAY_EVENT: lParam=0x10204 (RDown=0x0204, RUp=0x0205, Ctx=0x007B)
RIGHT-CLICK -> showTrayMenu
showTrayMenu: building menu (11 items)
showTrayMenu: TrackPopupMenu at (1075,830)
TRAY_EVENT: lParam=0x10205 (RDown=0x0204, RUp=0x0205, Ctx=0x007B)
RIGHT-CLICK -> showTrayMenu
showTrayMenu: building menu (11 items)
showTrayMenu: TrackPopupMenu at (1075,830)
showTrayMenu: menu dismissed
TRAY_EVENT: lParam=0x1007B (RDown=0x0204, RUp=0x0205, Ctx=0x007B)
RIGHT-CLICK -> showTrayMenu
showTrayMenu: building menu (11 items)
showTrayMenu: TrackPopupMenu at (1075,830)
showTrayMenu: menu dismissed
TRAY_EVENT: lParam=0x10407 (RDown=0x0204, RUp=0x0205, Ctx=0x007B)
showTrayMenu: menu dismissed
WM_COMMAND: id=1002 (quit=2998)
handleMenuClick: id=1002 label=start HTTP
trayModifyIcon: NIM_MODIFY ret=1 status=green hIcon=0x6EF2229
TRAY_EVENT: lParam=0x10406 (RDown=0x0204, RUp=0x0205, Ctx=0x007B)
TRAY_EVENT: lParam=0x10200 (RDown=0x0204, RUp=0x0205, Ctx=0x007B)
TRAY_EVENT: lParam=0x10200 (RDown=0x0204, RUp=0x0205, Ctx=0x007B)
TRAY_EVENT: lParam=0x10200 (RDown=0x0204, RUp=0x0205, Ctx=0x007B)
TRAY_EVENT: lParam=0x10200 (RDown=0x0204, RUp=0x0205, Ctx=0x007B)
TRAY_EVENT: lParam=0x10200 (RDown=0x0204, RUp=0x0205, Ctx=0x007B)
TRAY_EVENT: lParam=0x10200 (RDown=0x0204, RUp=0x0205, Ctx=0x007B)
TRAY_EVENT: lParam=0x10200 (RDown=0x0204, RUp=0x0205, Ctx=0x007B)
TRAY_EVENT: lParam=0x10200 (RDown=0x0204, RUp=0x0205, Ctx=0x007B)
TRAY_EVENT: lParam=0x10200 (RDown=0x0204, RUp=0x0205, Ctx=0x007B)
TRAY_EVENT: lParam=0x10200 (RDown=0x0204, RUp=0x0205, Ctx=0x007B)
TRAY_EVENT: lParam=0x10200 (RDown=0x0204, RUp=0x0205, Ctx=0x007B)
TRAY_EVENT: lParam=0x10200 (RDown=0x0204, RUp=0x0205, Ctx=0x007B)
TRAY_EVENT: lParam=0x10200 (RDown=0x0204, RUp=0x0205, Ctx=0x007B)
TRAY_EVENT: lParam=0x10200 (RDown=0x0204, RUp=0x0205, Ctx=0x007B)
TRAY_EVENT: lParam=0x10200 (RDown=0x0204, RUp=0x0205, Ctx=0x007B)
TRAY_EVENT: lParam=0x10200 (RDown=0x0204, RUp=0x0205, Ctx=0x007B)
TRAY_EVENT: lParam=0x10200 (RDown=0x0204, RUp=0x0205, Ctx=0x007B)
TRAY_EVENT: lParam=0x10204 (RDown=0x0204, RUp=0x0205, Ctx=0x007B)
RIGHT-CLICK -> showTrayMenu
showTrayMenu: building menu (11 items)
showTrayMenu: TrackPopupMenu at (1067,835)
TRAY_EVENT: lParam=0x10205 (RDown=0x0204, RUp=0x0205, Ctx=0x007B)
RIGHT-CLICK -> showTrayMenu
showTrayMenu: building menu (11 items)
showTrayMenu: TrackPopupMenu at (1067,835)
showTrayMenu: menu dismissed
TRAY_EVENT: lParam=0x1007B (RDown=0x0204, RUp=0x0205, Ctx=0x007B)
RIGHT-CLICK -> showTrayMenu
showTrayMenu: building menu (11 items)
showTrayMenu: TrackPopupMenu at (1067,835)
showTrayMenu: menu dismissed
TRAY_EVENT: lParam=0x10407 (RDown=0x0204, RUp=0x0205, Ctx=0x007B)
showTrayMenu: menu dismissed
WM_COMMAND: id=1009 (quit=2998)
handleMenuClick: id=1009 label=view log
window created: hwnd=0x98247C
trayAddIcon: status=gray hIcon=0x3C701107
trayAddIcon: NIM_ADD ret=1
trayAddIcon: NIM_SETVERSION version=4
TRAY_EVENT: lParam=0x10406 (RDown=0x0204, RUp=0x0205, Ctx=0x007B)
TRAY_EVENT: lParam=0x10200 (RDown=0x0204, RUp=0x0205, Ctx=0x007B)
TRAY_EVENT: lParam=0x10200 (RDown=0x0204, RUp=0x0205, Ctx=0x007B)
TRAY_EVENT: lParam=0x10200 (RDown=0x0204, RUp=0x0205, Ctx=0x007B)
TRAY_EVENT: lParam=0x10200 (RDown=0x0204, RUp=0x0205, Ctx=0x007B)
TRAY_EVENT: lParam=0x10200 (RDown=0x0204, RUp=0x0205, Ctx=0x007B)
TRAY_EVENT: lParam=0x10200 (RDown=0x0204, RUp=0x0205, Ctx=0x007B)
TRAY_EVENT: lParam=0x10200 (RDown=0x0204, RUp=0x0205, Ctx=0x007B)
TRAY_EVENT: lParam=0x10200 (RDown=0x0204, RUp=0x0205, Ctx=0x007B)
TRAY_EVENT: lParam=0x10200 (RDown=0x0204, RUp=0x0205, Ctx=0x007B)
TRAY_EVENT: lParam=0x10200 (RDown=0x0204, RUp=0x0205, Ctx=0x007B)
TRAY_EVENT: lParam=0x10200 (RDown=0x0204, RUp=0x0205, Ctx=0x007B)
TRAY_EVENT: lParam=0x10200 (RDown=0x0204, RUp=0x0205, Ctx=0x007B)
TRAY_EVENT: lParam=0x10200 (RDown=0x0204, RUp=0x0205, Ctx=0x007B)
TRAY_EVENT: lParam=0x10200 (RDown=0x0204, RUp=0x0205, Ctx=0x007B)
TRAY_EVENT: lParam=0x10200 (RDown=0x0204, RUp=0x0205, Ctx=0x007B)
TRAY_EVENT: lParam=0x10200 (RDown=0x0204, RUp=0x0205, Ctx=0x007B)
TRAY_EVENT: lParam=0x10200 (RDown=0x0204, RUp=0x0205, Ctx=0x007B)
TRAY_EVENT: lParam=0x10200 (RDown=0x0204, RUp=0x0205, Ctx=0x007B)
TRAY_EVENT: lParam=0x10204 (RDown=0x0204, RUp=0x0205, Ctx=0x007B)
TRAY_EVENT: lParam=0x10205 (RDown=0x0204, RUp=0x0205, Ctx=0x007B)
RIGHT-CLICK -> requestTrayMenu
showTrayMenu: building menu (11 items)
TRAY_EVENT: lParam=0x1007B (RDown=0x0204, RUp=0x0205, Ctx=0x007B)
RIGHT-CLICK -> requestTrayMenu
requestTrayMenu: ignored reentrant event
showTrayMenu: TrackPopupMenu at (1063,821)
TRAY_EVENT: lParam=0x10200 (RDown=0x0204, RUp=0x0205, Ctx=0x007B)
TRAY_EVENT: lParam=0x10200 (RDown=0x0204, RUp=0x0205, Ctx=0x007B)
TRAY_EVENT: lParam=0x10200 (RDown=0x0204, RUp=0x0205, Ctx=0x007B)
TRAY_EVENT: lParam=0x10200 (RDown=0x0204, RUp=0x0205, Ctx=0x007B)
TRAY_EVENT: lParam=0x10200 (RDown=0x0204, RUp=0x0205, Ctx=0x007B)
TRAY_EVENT: lParam=0x10200 (RDown=0x0204, RUp=0x0205, Ctx=0x007B)
TRAY_EVENT: lParam=0x10200 (RDown=0x0204, RUp=0x0205, Ctx=0x007B)
TRAY_EVENT: lParam=0x10200 (RDown=0x0204, RUp=0x0205, Ctx=0x007B)
TRAY_EVENT: lParam=0x10200 (RDown=0x0204, RUp=0x0205, Ctx=0x007B)
TRAY_EVENT: lParam=0x10200 (RDown=0x0204, RUp=0x0205, Ctx=0x007B)
TRAY_EVENT: lParam=0x10200 (RDown=0x0204, RUp=0x0205, Ctx=0x007B)
TRAY_EVENT: lParam=0x10200 (RDown=0x0204, RUp=0x0205, Ctx=0x007B)
TRAY_EVENT: lParam=0x10200 (RDown=0x0204, RUp=0x0205, Ctx=0x007B)
TRAY_EVENT: lParam=0x10200 (RDown=0x0204, RUp=0x0205, Ctx=0x007B)
TRAY_EVENT: lParam=0x10200 (RDown=0x0204, RUp=0x0205, Ctx=0x007B)
TRAY_EVENT: lParam=0x10200 (RDown=0x0204, RUp=0x0205, Ctx=0x007B)
TRAY_EVENT: lParam=0x10200 (RDown=0x0204, RUp=0x0205, Ctx=0x007B)
TRAY_EVENT: lParam=0x10200 (RDown=0x0204, RUp=0x0205, Ctx=0x007B)
TRAY_EVENT: lParam=0x10200 (RDown=0x0204, RUp=0x0205, Ctx=0x007B)
TRAY_EVENT: lParam=0x10200 (RDown=0x0204, RUp=0x0205, Ctx=0x007B)
TRAY_EVENT: lParam=0x10200 (RDown=0x0204, RUp=0x0205, Ctx=0x007B)
TRAY_EVENT: lParam=0x10200 (RDown=0x0204, RUp=0x0205, Ctx=0x007B)
TRAY_EVENT: lParam=0x10200 (RDown=0x0204, RUp=0x0205, Ctx=0x007B)
TRAY_EVENT: lParam=0x10200 (RDown=0x0204, RUp=0x0205, Ctx=0x007B)
TRAY_EVENT: lParam=0x10200 (RDown=0x0204, RUp=0x0205, Ctx=0x007B)
TRAY_EVENT: lParam=0x10200 (RDown=0x0204, RUp=0x0205, Ctx=0x007B)
TRAY_EVENT: lParam=0x10200 (RDown=0x0204, RUp=0x0205, Ctx=0x007B)
TRAY_EVENT: lParam=0x10200 (RDown=0x0204, RUp=0x0205, Ctx=0x007B)
TRAY_EVENT: lParam=0x10200 (RDown=0x0204, RUp=0x0205, Ctx=0x007B)
TRAY_EVENT: lParam=0x10407 (RDown=0x0204, RUp=0x0205, Ctx=0x007B)
showTrayMenu: menu dismissed selected=1002
handleMenuClick: id=1002 label=start HTTP
trayModifyIcon: NIM_MODIFY ret=1 status=green hIcon=0x55950983
TRAY_EVENT: lParam=0x10406 (RDown=0x0204, RUp=0x0205, Ctx=0x007B)
TRAY_EVENT: lParam=0x10200 (RDown=0x0204, RUp=0x0205, Ctx=0x007B)
TRAY_EVENT: lParam=0x10200 (RDown=0x0204, RUp=0x0205, Ctx=0x007B)
TRAY_EVENT: lParam=0x10200 (RDown=0x0204, RUp=0x0205, Ctx=0x007B)
TRAY_EVENT: lParam=0x10407 (RDown=0x0204, RUp=0x0205, Ctx=0x007B)
TRAY_EVENT: lParam=0x10406 (RDown=0x0204, RUp=0x0205, Ctx=0x007B)
TRAY_EVENT: lParam=0x10200 (RDown=0x0204, RUp=0x0205, Ctx=0x007B)
TRAY_EVENT: lParam=0x10200 (RDown=0x0204, RUp=0x0205, Ctx=0x007B)
TRAY_EVENT: lParam=0x10200 (RDown=0x0204, RUp=0x0205, Ctx=0x007B)
TRAY_EVENT: lParam=0x10200 (RDown=0x0204, RUp=0x0205, Ctx=0x007B)
TRAY_EVENT: lParam=0x10200 (RDown=0x0204, RUp=0x0205, Ctx=0x007B)
TRAY_EVENT: lParam=0x10200 (RDown=0x0204, RUp=0x0205, Ctx=0x007B)
TRAY_EVENT: lParam=0x10407 (RDown=0x0204, RUp=0x0205, Ctx=0x007B)
TRAY_EVENT: lParam=0x10406 (RDown=0x0204, RUp=0x0205, Ctx=0x007B)
TRAY_EVENT: lParam=0x10200 (RDown=0x0204, RUp=0x0205, Ctx=0x007B)
TRAY_EVENT: lParam=0x10200 (RDown=0x0204, RUp=0x0205, Ctx=0x007B)
TRAY_EVENT: lParam=0x10200 (RDown=0x0204, RUp=0x0205, Ctx=0x007B)
TRAY_EVENT: lParam=0x10200 (RDown=0x0204, RUp=0x0205, Ctx=0x007B)
TRAY_EVENT: lParam=0x10200 (RDown=0x0204, RUp=0x0205, Ctx=0x007B)
TRAY_EVENT: lParam=0x10407 (RDown=0x0204, RUp=0x0205, Ctx=0x007B)
TRAY_EVENT: lParam=0x10406 (RDown=0x0204, RUp=0x0205, Ctx=0x007B)
TRAY_EVENT: lParam=0x10200 (RDown=0x0204, RUp=0x0205, Ctx=0x007B)
TRAY_EVENT: lParam=0x10200 (RDown=0x0204, RUp=0x0205, Ctx=0x007B)
TRAY_EVENT: lParam=0x10200 (RDown=0x0204, RUp=0x0205, Ctx=0x007B)
TRAY_EVENT: lParam=0x10200 (RDown=0x0204, RUp=0x0205, Ctx=0x007B)
TRAY_EVENT: lParam=0x10200 (RDown=0x0204, RUp=0x0205, Ctx=0x007B)
TRAY_EVENT: lParam=0x10200 (RDown=0x0204, RUp=0x0205, Ctx=0x007B)
TRAY_EVENT: lParam=0x10200 (RDown=0x0204, RUp=0x0205, Ctx=0x007B)
TRAY_EVENT: lParam=0x10200 (RDown=0x0204, RUp=0x0205, Ctx=0x007B)
TRAY_EVENT: lParam=0x10200 (RDown=0x0204, RUp=0x0205, Ctx=0x007B)
TRAY_EVENT: lParam=0x10200 (RDown=0x0204, RUp=0x0205, Ctx=0x007B)
TRAY_EVENT: lParam=0x10200 (RDown=0x0204, RUp=0x0205, Ctx=0x007B)
TRAY_EVENT: lParam=0x10200 (RDown=0x0204, RUp=0x0205, Ctx=0x007B)
TRAY_EVENT: lParam=0x10200 (RDown=0x0204, RUp=0x0205, Ctx=0x007B)
TRAY_EVENT: lParam=0x10200 (RDown=0x0204, RUp=0x0205, Ctx=0x007B)
TRAY_EVENT: lParam=0x10200 (RDown=0x0204, RUp=0x0205, Ctx=0x007B)
TRAY_EVENT: lParam=0x10200 (RDown=0x0204, RUp=0x0205, Ctx=0x007B)
TRAY_EVENT: lParam=0x10200 (RDown=0x0204, RUp=0x0205, Ctx=0x007B)
TRAY_EVENT: lParam=0x10200 (RDown=0x0204, RUp=0x0205, Ctx=0x007B)
TRAY_EVENT: lParam=0x10200 (RDown=0x0204, RUp=0x0205, Ctx=0x007B)
TRAY_EVENT: lParam=0x10200 (RDown=0x0204, RUp=0x0205, Ctx=0x007B)
TRAY_EVENT: lParam=0x10200 (RDown=0x0204, RUp=0x0205, Ctx=0x007B)
TRAY_EVENT: lParam=0x10200 (RDown=0x0204, RUp=0x0205, Ctx=0x007B)
TRAY_EVENT: lParam=0x10200 (RDown=0x0204, RUp=0x0205, Ctx=0x007B)
TRAY_EVENT: lParam=0x10204 (RDown=0x0204, RUp=0x0205, Ctx=0x007B)
TRAY_EVENT: lParam=0x10205 (RDown=0x0204, RUp=0x0205, Ctx=0x007B)
RIGHT-CLICK -> requestTrayMenu
showTrayMenu: building menu (11 items)
showTrayMenu: TrackPopupMenu at (1073,831)
TRAY_EVENT: lParam=0x1007B (RDown=0x0204, RUp=0x0205, Ctx=0x007B)
RIGHT-CLICK -> requestTrayMenu
requestTrayMenu: ignored reentrant event
TRAY_EVENT: lParam=0x10200 (RDown=0x0204, RUp=0x0205, Ctx=0x007B)
TRAY_EVENT: lParam=0x10200 (RDown=0x0204, RUp=0x0205, Ctx=0x007B)
TRAY_EVENT: lParam=0x10200 (RDown=0x0204, RUp=0x0205, Ctx=0x007B)
TRAY_EVENT: lParam=0x10407 (RDown=0x0204, RUp=0x0205, Ctx=0x007B)
TRAY_EVENT: lParam=0x10406 (RDown=0x0204, RUp=0x0205, Ctx=0x007B)
TRAY_EVENT: lParam=0x10200 (RDown=0x0204, RUp=0x0205, Ctx=0x007B)
TRAY_EVENT: lParam=0x10407 (RDown=0x0204, RUp=0x0205, Ctx=0x007B)
TRAY_EVENT: lParam=0x10406 (RDown=0x0204, RUp=0x0205, Ctx=0x007B)
TRAY_EVENT: lParam=0x10200 (RDown=0x0204, RUp=0x0205, Ctx=0x007B)
TRAY_EVENT: lParam=0x10200 (RDown=0x0204, RUp=0x0205, Ctx=0x007B)
TRAY_EVENT: lParam=0x10200 (RDown=0x0204, RUp=0x0205, Ctx=0x007B)
TRAY_EVENT: lParam=0x10200 (RDown=0x0204, RUp=0x0205, Ctx=0x007B)
TRAY_EVENT: lParam=0x10200 (RDown=0x0204, RUp=0x0205, Ctx=0x007B)
TRAY_EVENT: lParam=0x10200 (RDown=0x0204, RUp=0x0205, Ctx=0x007B)
TRAY_EVENT: lParam=0x10200 (RDown=0x0204, RUp=0x0205, Ctx=0x007B)
TRAY_EVENT: lParam=0x10200 (RDown=0x0204, RUp=0x0205, Ctx=0x007B)
TRAY_EVENT: lParam=0x10200 (RDown=0x0204, RUp=0x0205, Ctx=0x007B)
TRAY_EVENT: lParam=0x10200 (RDown=0x0204, RUp=0x0205, Ctx=0x007B)
TRAY_EVENT: lParam=0x10200 (RDown=0x0204, RUp=0x0205, Ctx=0x007B)
TRAY_EVENT: lParam=0x10200 (RDown=0x0204, RUp=0x0205, Ctx=0x007B)
TRAY_EVENT: lParam=0x10200 (RDown=0x0204, RUp=0x0205, Ctx=0x007B)
TRAY_EVENT: lParam=0x10200 (RDown=0x0204, RUp=0x0205, Ctx=0x007B)
TRAY_EVENT: lParam=0x10200 (RDown=0x0204, RUp=0x0205, Ctx=0x007B)
TRAY_EVENT: lParam=0x10200 (RDown=0x0204, RUp=0x0205, Ctx=0x007B)
TRAY_EVENT: lParam=0x10200 (RDown=0x0204, RUp=0x0205, Ctx=0x007B)
TRAY_EVENT: lParam=0x10200 (RDown=0x0204, RUp=0x0205, Ctx=0x007B)
TRAY_EVENT: lParam=0x10200 (RDown=0x0204, RUp=0x0205, Ctx=0x007B)
TRAY_EVENT: lParam=0x10200 (RDown=0x0204, RUp=0x0205, Ctx=0x007B)
TRAY_EVENT: lParam=0x10200 (RDown=0x0204, RUp=0x0205, Ctx=0x007B)
TRAY_EVENT: lParam=0x10200 (RDown=0x0204, RUp=0x0205, Ctx=0x007B)
TRAY_EVENT: lParam=0x10200 (RDown=0x0204, RUp=0x0205, Ctx=0x007B)
TRAY_EVENT: lParam=0x10200 (RDown=0x0204, RUp=0x0205, Ctx=0x007B)
TRAY_EVENT: lParam=0x10200 (RDown=0x0204, RUp=0x0205, Ctx=0x007B)
TRAY_EVENT: lParam=0x10200 (RDown=0x0204, RUp=0x0205, Ctx=0x007B)
TRAY_EVENT: lParam=0x10200 (RDown=0x0204, RUp=0x0205, Ctx=0x007B)
TRAY_EVENT: lParam=0x10407 (RDown=0x0204, RUp=0x0205, Ctx=0x007B)
showTrayMenu: menu dismissed selected=1009
handleMenuClick: id=1009 label=view log
TRAY_EVENT: lParam=0x10406 (RDown=0x0204, RUp=0x0205, Ctx=0x007B)
TRAY_EVENT: lParam=0x10200 (RDown=0x0204, RUp=0x0205, Ctx=0x007B)
TRAY_EVENT: lParam=0x10200 (RDown=0x0204, RUp=0x0205, Ctx=0x007B)
TRAY_EVENT: lParam=0x10200 (RDown=0x0204, RUp=0x0205, Ctx=0x007B)
TRAY_EVENT: lParam=0x10200 (RDown=0x0204, RUp=0x0205, Ctx=0x007B)
TRAY_EVENT: lParam=0x10200 (RDown=0x0204, RUp=0x0205, Ctx=0x007B)
TRAY_EVENT: lParam=0x10200 (RDown=0x0204, RUp=0x0205, Ctx=0x007B)
TRAY_EVENT: lParam=0x10200 (RDown=0x0204, RUp=0x0205, Ctx=0x007B)
TRAY_EVENT: lParam=0x10200 (RDown=0x0204, RUp=0x0205, Ctx=0x007B)
TRAY_EVENT: lParam=0x10200 (RDown=0x0204, RUp=0x0205, Ctx=0x007B)
TRAY_EVENT: lParam=0x10200 (RDown=0x0204, RUp=0x0205, Ctx=0x007B)
TRAY_EVENT: lParam=0x10200 (RDown=0x0204, RUp=0x0205, Ctx=0x007B)
TRAY_EVENT: lParam=0x10200 (RDown=0x0204, RUp=0x0205, Ctx=0x007B)
TRAY_EVENT: lParam=0x10200 (RDown=0x0204, RUp=0x0205, Ctx=0x007B)
TRAY_EVENT: lParam=0x10200 (RDown=0x0204, RUp=0x0205, Ctx=0x007B)
TRAY_EVENT: lParam=0x10200 (RDown=0x0204, RUp=0x0205, Ctx=0x007B)
TRAY_EVENT: lParam=0x10200 (RDown=0x0204, RUp=0x0205, Ctx=0x007B)
TRAY_EVENT: lParam=0x10200 (RDown=0x0204, RUp=0x0205, Ctx=0x007B)
TRAY_EVENT: lParam=0x10200 (RDown=0x0204, RUp=0x0205, Ctx=0x007B)
TRAY_EVENT: lParam=0x10200 (RDown=0x0204, RUp=0x0205, Ctx=0x007B)
TRAY_EVENT: lParam=0x10200 (RDown=0x0204, RUp=0x0205, Ctx=0x007B)
TRAY_EVENT: lParam=0x10200 (RDown=0x0204, RUp=0x0205, Ctx=0x007B)
TRAY_EVENT: lParam=0x10204 (RDown=0x0204, RUp=0x0205, Ctx=0x007B)
TRAY_EVENT: lParam=0x10205 (RDown=0x0204, RUp=0x0205, Ctx=0x007B)
RIGHT-CLICK -> requestTrayMenu
showTrayMenu: building menu (11 items)
showTrayMenu: TrackPopupMenu at (1064,841)
TRAY_EVENT: lParam=0x1007B (RDown=0x0204, RUp=0x0205, Ctx=0x007B)
RIGHT-CLICK -> requestTrayMenu
requestTrayMenu: ignored reentrant event
TRAY_EVENT: lParam=0x10407 (RDown=0x0204, RUp=0x0205, Ctx=0x007B)
showTrayMenu: menu dismissed selected=1007
handleMenuClick: id=1007 label=stop
trayModifyIcon: NIM_MODIFY ret=1 status=gray hIcon=0x4F2B1BCD
TRAY_EVENT: lParam=0x10406 (RDown=0x0204, RUp=0x0205, Ctx=0x007B)
TRAY_EVENT: lParam=0x10200 (RDown=0x0204, RUp=0x0205, Ctx=0x007B)
TRAY_EVENT: lParam=0x10200 (RDown=0x0204, RUp=0x0205, Ctx=0x007B)
TRAY_EVENT: lParam=0x10200 (RDown=0x0204, RUp=0x0205, Ctx=0x007B)
TRAY_EVENT: lParam=0x10200 (RDown=0x0204, RUp=0x0205, Ctx=0x007B)
TRAY_EVENT: lParam=0x10200 (RDown=0x0204, RUp=0x0205, Ctx=0x007B)
TRAY_EVENT: lParam=0x10200 (RDown=0x0204, RUp=0x0205, Ctx=0x007B)
TRAY_EVENT: lParam=0x10200 (RDown=0x0204, RUp=0x0205, Ctx=0x007B)
TRAY_EVENT: lParam=0x10200 (RDown=0x0204, RUp=0x0205, Ctx=0x007B)
TRAY_EVENT: lParam=0x10200 (RDown=0x0204, RUp=0x0205, Ctx=0x007B)
TRAY_EVENT: lParam=0x10200 (RDown=0x0204, RUp=0x0205, Ctx=0x007B)
TRAY_EVENT: lParam=0x10200 (RDown=0x0204, RUp=0x0205, Ctx=0x007B)
TRAY_EVENT: lParam=0x10200 (RDown=0x0204, RUp=0x0205, Ctx=0x007B)
TRAY_EVENT: lParam=0x10204 (RDown=0x0204, RUp=0x0205, Ctx=0x007B)
TRAY_EVENT: lParam=0x10205 (RDown=0x0204, RUp=0x0205, Ctx=0x007B)
RIGHT-CLICK -> requestTrayMenu
showTrayMenu: building menu (11 items)
showTrayMenu: TrackPopupMenu at (1073,829)
TRAY_EVENT: lParam=0x1007B (RDown=0x0204, RUp=0x0205, Ctx=0x007B)
RIGHT-CLICK -> requestTrayMenu
requestTrayMenu: ignored reentrant event
TRAY_EVENT: lParam=0x10200 (RDown=0x0204, RUp=0x0205, Ctx=0x007B)
TRAY_EVENT: lParam=0x10200 (RDown=0x0204, RUp=0x0205, Ctx=0x007B)
TRAY_EVENT: lParam=0x10200 (RDown=0x0204, RUp=0x0205, Ctx=0x007B)
TRAY_EVENT: lParam=0x10200 (RDown=0x0204, RUp=0x0205, Ctx=0x007B)
TRAY_EVENT: lParam=0x10200 (RDown=0x0204, RUp=0x0205, Ctx=0x007B)
TRAY_EVENT: lParam=0x10407 (RDown=0x0204, RUp=0x0205, Ctx=0x007B)
showTrayMenu: menu dismissed selected=2998
window created: hwnd=0x15308B8
trayAddIcon: status=gray hIcon=0x53C31F25
trayAddIcon: NIM_ADD ret=1
trayAddIcon: NIM_SETVERSION version=4
TRAY_EVENT: lParam=0x10406 (RDown=0x0204, RUp=0x0205, Ctx=0x007B)
TRAY_EVENT: lParam=0x10200 (RDown=0x0204, RUp=0x0205, Ctx=0x007B)
TRAY_EVENT: lParam=0x10200 (RDown=0x0204, RUp=0x0205, Ctx=0x007B)
TRAY_EVENT: lParam=0x10200 (RDown=0x0204, RUp=0x0205, Ctx=0x007B)
TRAY_EVENT: lParam=0x10200 (RDown=0x0204, RUp=0x0205, Ctx=0x007B)
TRAY_EVENT: lParam=0x10200 (RDown=0x0204, RUp=0x0205, Ctx=0x007B)
TRAY_EVENT: lParam=0x10200 (RDown=0x0204, RUp=0x0205, Ctx=0x007B)
TRAY_EVENT: lParam=0x10200 (RDown=0x0204, RUp=0x0205, Ctx=0x007B)
TRAY_EVENT: lParam=0x10201 (RDown=0x0204, RUp=0x0205, Ctx=0x007B)
TRAY_EVENT: lParam=0x10202 (RDown=0x0204, RUp=0x0205, Ctx=0x007B)
LEFT-CLICK -> requestTrayMenu
showTrayMenu: building menu (11 items)
TRAY_EVENT: lParam=0x10400 (RDown=0x0204, RUp=0x0205, Ctx=0x007B)
showTrayMenu: TrackPopupMenu at (1063,845)
TRAY_EVENT: lParam=0x10407 (RDown=0x0204, RUp=0x0205, Ctx=0x007B)
TRAY_EVENT: lParam=0x10406 (RDown=0x0204, RUp=0x0205, Ctx=0x007B)
TRAY_EVENT: lParam=0x10200 (RDown=0x0204, RUp=0x0205, Ctx=0x007B)
TRAY_EVENT: lParam=0x10200 (RDown=0x0204, RUp=0x0205, Ctx=0x007B)
TRAY_EVENT: lParam=0x10407 (RDown=0x0204, RUp=0x0205, Ctx=0x007B)
showTrayMenu: menu dismissed selected=0
TRAY_EVENT: lParam=0x10406 (RDown=0x0204, RUp=0x0205, Ctx=0x007B)
TRAY_EVENT: lParam=0x10200 (RDown=0x0204, RUp=0x0205, Ctx=0x007B)
TRAY_EVENT: lParam=0x10200 (RDown=0x0204, RUp=0x0205, Ctx=0x007B)
TRAY_EVENT: lParam=0x10200 (RDown=0x0204, RUp=0x0205, Ctx=0x007B)
TRAY_EVENT: lParam=0x10200 (RDown=0x0204, RUp=0x0205, Ctx=0x007B)
TRAY_EVENT: lParam=0x10200 (RDown=0x0204, RUp=0x0205, Ctx=0x007B)
TRAY_EVENT: lParam=0x10200 (RDown=0x0204, RUp=0x0205, Ctx=0x007B)
TRAY_EVENT: lParam=0x10200 (RDown=0x0204, RUp=0x0205, Ctx=0x007B)
TRAY_EVENT: lParam=0x10201 (RDown=0x0204, RUp=0x0205, Ctx=0x007B)
TRAY_EVENT: lParam=0x10202 (RDown=0x0204, RUp=0x0205, Ctx=0x007B)
LEFT-CLICK -> requestTrayMenu
showTrayMenu: building menu (11 items)
showTrayMenu: TrackPopupMenu at (1086,845)
TRAY_EVENT: lParam=0x10400 (RDown=0x0204, RUp=0x0205, Ctx=0x007B)
TRAY_EVENT: lParam=0x10407 (RDown=0x0204, RUp=0x0205, Ctx=0x007B)
TRAY_EVENT: lParam=0x10406 (RDown=0x0204, RUp=0x0205, Ctx=0x007B)
TRAY_EVENT: lParam=0x10200 (RDown=0x0204, RUp=0x0205, Ctx=0x007B)
TRAY_EVENT: lParam=0x10200 (RDown=0x0204, RUp=0x0205, Ctx=0x007B)
TRAY_EVENT: lParam=0x10200 (RDown=0x0204, RUp=0x0205, Ctx=0x007B)
TRAY_EVENT: lParam=0x10200 (RDown=0x0204, RUp=0x0205, Ctx=0x007B)
TRAY_EVENT: lParam=0x10200 (RDown=0x0204, RUp=0x0205, Ctx=0x007B)
TRAY_EVENT: lParam=0x10200 (RDown=0x0204, RUp=0x0205, Ctx=0x007B)
TRAY_EVENT: lParam=0x10200 (RDown=0x0204, RUp=0x0205, Ctx=0x007B)
TRAY_EVENT: lParam=0x10407 (RDown=0x0204, RUp=0x0205, Ctx=0x007B)
showTrayMenu: menu dismissed selected=0
TRAY_EVENT: lParam=0x10406 (RDown=0x0204, RUp=0x0205, Ctx=0x007B)
TRAY_EVENT: lParam=0x10200 (RDown=0x0204, RUp=0x0205, Ctx=0x007B)
TRAY_EVENT: lParam=0x10200 (RDown=0x0204, RUp=0x0205, Ctx=0x007B)
TRAY_EVENT: lParam=0x10200 (RDown=0x0204, RUp=0x0205, Ctx=0x007B)
TRAY_EVENT: lParam=0x10200 (RDown=0x0204, RUp=0x0205, Ctx=0x007B)
TRAY_EVENT: lParam=0x10200 (RDown=0x0204, RUp=0x0205, Ctx=0x007B)
TRAY_EVENT: lParam=0x10200 (RDown=0x0204, RUp=0x0205, Ctx=0x007B)
TRAY_EVENT: lParam=0x10200 (RDown=0x0204, RUp=0x0205, Ctx=0x007B)
TRAY_EVENT: lParam=0x10200 (RDown=0x0204, RUp=0x0205, Ctx=0x007B)
TRAY_EVENT: lParam=0x10200 (RDown=0x0204, RUp=0x0205, Ctx=0x007B)
TRAY_EVENT: lParam=0x10200 (RDown=0x0204, RUp=0x0205, Ctx=0x007B)
TRAY_EVENT: lParam=0x10200 (RDown=0x0204, RUp=0x0205, Ctx=0x007B)
TRAY_EVENT: lParam=0x10200 (RDown=0x0204, RUp=0x0205, Ctx=0x007B)
TRAY_EVENT: lParam=0x10200 (RDown=0x0204, RUp=0x0205, Ctx=0x007B)
TRAY_EVENT: lParam=0x10204 (RDown=0x0204, RUp=0x0205, Ctx=0x007B)
TRAY_EVENT: lParam=0x10205 (RDown=0x0204, RUp=0x0205, Ctx=0x007B)
RIGHT-CLICK -> requestTrayMenu
showTrayMenu: building menu (11 items)
showTrayMenu: TrackPopupMenu at (1056,838)
TRAY_EVENT: lParam=0x1007B (RDown=0x0204, RUp=0x0205, Ctx=0x007B)
RIGHT-CLICK -> requestTrayMenu
requestTrayMenu: ignored reentrant event
TRAY_EVENT: lParam=0x10407 (RDown=0x0204, RUp=0x0205, Ctx=0x007B)
showTrayMenu: menu dismissed selected=2998
window created: hwnd=0x2804CE
trayAddIcon: status=gray hIcon=0x409123E7
trayAddIcon: NIM_ADD ret=1
trayAddIcon: NIM_SETVERSION version=4
TRAY_EVENT: lParam=0x10406 (RDown=0x0204, RUp=0x0205, Ctx=0x007B)
TRAY_EVENT: lParam=0x10200 (RDown=0x0204, RUp=0x0205, Ctx=0x007B)
TRAY_EVENT: lParam=0x10407 (RDown=0x0204, RUp=0x0205, Ctx=0x007B)
TRAY_EVENT: lParam=0x10406 (RDown=0x0204, RUp=0x0205, Ctx=0x007B)
TRAY_EVENT: lParam=0x10200 (RDown=0x0204, RUp=0x0205, Ctx=0x007B)
TRAY_EVENT: lParam=0x10200 (RDown=0x0204, RUp=0x0205, Ctx=0x007B)
TRAY_EVENT: lParam=0x10200 (RDown=0x0204, RUp=0x0205, Ctx=0x007B)
TRAY_EVENT: lParam=0x10200 (RDown=0x0204, RUp=0x0205, Ctx=0x007B)
TRAY_EVENT: lParam=0x10200 (RDown=0x0204, RUp=0x0205, Ctx=0x007B)
TRAY_EVENT: lParam=0x10200 (RDown=0x0204, RUp=0x0205, Ctx=0x007B)
TRAY_EVENT: lParam=0x10200 (RDown=0x0204, RUp=0x0205, Ctx=0x007B)
TRAY_EVENT: lParam=0x10200 (RDown=0x0204, RUp=0x0205, Ctx=0x007B)
TRAY_EVENT: lParam=0x10200 (RDown=0x0204, RUp=0x0205, Ctx=0x007B)
TRAY_EVENT: lParam=0x10200 (RDown=0x0204, RUp=0x0205, Ctx=0x007B)
TRAY_EVENT: lParam=0x10200 (RDown=0x0204, RUp=0x0205, Ctx=0x007B)
TRAY_EVENT: lParam=0x10200 (RDown=0x0204, RUp=0x0205, Ctx=0x007B)
TRAY_EVENT: lParam=0x10200 (RDown=0x0204, RUp=0x0205, Ctx=0x007B)
TRAY_EVENT: lParam=0x10200 (RDown=0x0204, RUp=0x0205, Ctx=0x007B)
TRAY_EVENT: lParam=0x10200 (RDown=0x0204, RUp=0x0205, Ctx=0x007B)
TRAY_EVENT: lParam=0x10200 (RDown=0x0204, RUp=0x0205, Ctx=0x007B)
TRAY_EVENT: lParam=0x10200 (RDown=0x0204, RUp=0x0205, Ctx=0x007B)
TRAY_EVENT: lParam=0x10200 (RDown=0x0204, RUp=0x0205, Ctx=0x007B)
TRAY_EVENT: lParam=0x10204 (RDown=0x0204, RUp=0x0205, Ctx=0x007B)
TRAY_EVENT: lParam=0x10205 (RDown=0x0204, RUp=0x0205, Ctx=0x007B)
RIGHT-CLICK -> requestTrayMenu
showTrayMenu: building menu (11 items)
TRAY_EVENT: lParam=0x1007B (RDown=0x0204, RUp=0x0205, Ctx=0x007B)
RIGHT-CLICK -> requestTrayMenu
requestTrayMenu: ignored reentrant event
TRAY_EVENT: lParam=0x10200 (RDown=0x0204, RUp=0x0205, Ctx=0x007B)
TRAY_EVENT: lParam=0x10200 (RDown=0x0204, RUp=0x0205, Ctx=0x007B)
showTrayMenu: TrackPopupMenu at (1063,841)
TRAY_EVENT: lParam=0x10200 (RDown=0x0204, RUp=0x0205, Ctx=0x007B)
TRAY_EVENT: lParam=0x10200 (RDown=0x0204, RUp=0x0205, Ctx=0x007B)
TRAY_EVENT: lParam=0x10200 (RDown=0x0204, RUp=0x0205, Ctx=0x007B)
TRAY_EVENT: lParam=0x10200 (RDown=0x0204, RUp=0x0205, Ctx=0x007B)
TRAY_EVENT: lParam=0x10200 (RDown=0x0204, RUp=0x0205, Ctx=0x007B)
TRAY_EVENT: lParam=0x10200 (RDown=0x0204, RUp=0x0205, Ctx=0x007B)
TRAY_EVENT: lParam=0x10200 (RDown=0x0204, RUp=0x0205, Ctx=0x007B)
TRAY_EVENT: lParam=0x10407 (RDown=0x0204, RUp=0x0205, Ctx=0x007B)
showTrayMenu: menu dismissed selected=2998
